inviavel
0.0 -1.0 -0.21774194 0.72580645 0.0483871 -1.0 0.7983871 -1.0 0.0 0.73387097
