ilimitada
0.0 0.0 0.0 1.6 3.4 8.4 9.0
0.0 1.0 0.0 0.8 0.2 2.2 2.0
