ilimitada
21.3333351 10.29166776 1.37500003 17.04166741 23.16666903 0.0 0.0 35.50000296
3.00000033 1.8750002 0.12500001 2.62500018 5.00000043 0.0 1.0 6.00000054
